<?xml version="1.0" encoding="US-ASCII"?>

<e1>
    <Persons>
        <Person>
            <pid>p1</pid>
            <pname>John</pname>
            <address>
                <street>5th Avenue</street>
                <city>New York</city>
            </address>
        </Person>
        <Person>
            <pid>p2</pid>
            <pname>Mike</pname>
            <address>
                <street>Via Marconi</street>
                <city>Roma</city>
            </address>
        </Person>
        <Person>
            <pid>p3</pid>
            <pname>Tim</pname>
            <address>
                <street>Fausto Coppi</street>
                <city>Roma</city>
            </address>
        </Person>
    </Persons>

    <Teams>
        <Team>
            <pid>p1</pid>
            <tname>team1</tname>
            <resource>r1</resource>
        </Team>
        <Team>
            <pid>p1</pid>
            <tname>team1</tname>
            <resource>r2</resource>
        </Team>
        <Team>
            <pid>p2</pid>
            <tname>team1</tname>
            <resource>r2</resource>
        </Team>
    </Teams>
    <Resources>
        <Resource>
            <rid>r1</rid>
            <rname>pc</rname>
        </Resource>
        <Resource>
            <rid>r2</rid>
            <rname>laptop</rname>
        </Resource>
        <Resource>
            <rid>r3</rid>
            <rname>laptop</rname>
        </Resource>
    </Resources>
</e1>			
