<?xml version="1.0" encoding="US-ASCII"?>
<e1>
	<Persons>
		<Person>
			<pid>c1</pid>
			<tname>c2</tname>
			<resource>_L3</resource>
		</Person>	
		<Person>
			<pid>c3</pid>
			<tname>c4</tname>
			<resource>c5</resource>
		</Person>
		<Person>
			<pid>c3</pid>
			<tname>c4</tname>
			<resource>_L9</resource>
		</Person>
		<Person>
			<pid>c6</pid>
			<tname>c7</tname>
			<resource>c8</resource>
		</Person>
		<Person>
			<pid>c1</pid>
			<tname>c1</tname>
			<resource>c1</resource>
		</Person>
		<Person>
			<pid>A</pid>
			<tname>B</tname>
			<resource>C</resource>
		</Person>
		<Person>
			<pid>D</pid>
			<tname>E</tname>
			<resource>F</resource>
		</Person>
		<Person>
			<pid>A</pid>
			<tname>B</tname>
			<resource>_L0</resource>
		</Person>
	</Persons>
</e1>